[isfay.github.io/960/index.html]
[backblue.gif]
[fade.gif]
[index.html]
[isfay.github.io/960/css/index.css]
[isfay.github.io/960/youtube.png]
[www.youtube.com/@IslamFayed.html]
[www.w3.org/2000/svg.html]
[isfay.github.io/960/index.html]
[isfay.github.io/960/js/index.js]
[isfay.github.io/960/css/logo.png]
[isfay.github.io/960/css/log.png]
[isfay.github.io/960/css/index.css]
[www.youtube.com/s/desktop/1c9f2583/img/favicon.ico]
[www.youtube.com/s/desktop/1c9f2583/img/favicon_32x32.png]
[www.youtube.com/s/desktop/1c9f2583/img/favicon_48x48.png]
[www.youtube.com/s/desktop/1c9f2583/img/favicon_96x96.png]
[www.youtube.com/s/desktop/1c9f2583/img/favicon_144x144.png]
[www.youtube.com/s/desktop/1c9f2583/jsbin/web-animations-next-lite.min.vflset/web-animations-next-lite.min.js]
[www.youtube.com/s/desktop/1c9f2583/jsbin/webcomponents-all-noPatch.vflset/webcomponents-all-noPatch.js]
[www.youtube.com/s/desktop/1c9f2583/jsbin/fetch-polyfill.vflset/fetch-polyfill.js]
[www.youtube.com/s/desktop/1c9f2583/jsbin/intersection-observer.min.vflset/intersection-observer.min.js]
[www.youtube.com/s/desktop/1c9f2583/jsbin/scheduler.vflset/scheduler.js]
[www.youtube.com/s/desktop/1c9f2583/jsbin/www-i18n-constants-en_US.vflset/www-i18n-constants.js]
[www.youtube.com/s/desktop/1c9f2583/jsbin/spf.vflset/spf.js]
[www.youtube.com/s/desktop/1c9f2583/jsbin/network.vflset/network.js]
[www.youtube.com/opensearch97fa]
[www.youtube.com/manifest.webmanifest]
[www.youtube.com/channel/UCfQLy6txvSNtFFkA2Eu140w.html]
[www.youtube.com/feeds/videos8c86.xml]
[www.youtube.com/android-app_/com.google.android.youtube/http/www.youtube.com/channel/UCfQLy6txvSNtFFkA2Eu140w.html]
[www.youtube.com/ios-app_/544007664/vnd.youtube/www.youtube.com/channel/UCfQLy6txvSNtFFkA2Eu140w.1f.delayed]
[www.youtube.com/t/terms.html]
[www.youtube.com/index.html]
[www.youtube.com/t/contact_us/index.html]
[www.youtube.com/creators/index.html]
[www.youtube.com/ads/index.html]
[www.youtube.com/howyoutubeworks/indexd320.html]
[www.youtube.com/new.html]
[www.youtube.com/s/_/ytmainappweb/_/js/k=ytmainappweb.kevlar_base.en_US.-2ynOkT4b5w.es5.O/am=AAAg/d=0/rs=AGKMywHQiz_oGCRCtnwxDqMLYAgRtCoojg]
[www.youtube.com/@IslamFayed.html]
[www.w3.org/2000/svg.html]
[www.youtube.com/error_2049a45.html]
[www.youtube.com/s/desktop/1c9f2583/cssbin/www-onepick.css]
[www.youtube.com/s/_/ytmainappweb/_/ss/k=ytmainappweb.kevlar_base.naIO_ROjov4.L.X.O/am=AAAgAEIB/d=0/rs=AGKMywGsZdxiu30K3ryjpL047efewIbCRg.css]
[www.youtube.com/channel/android-app_/com.google.android.youtube/http/www.youtube.com/channel/UCfQLy6txvSNtFFkA2Eu140w.27.delayed]
[www.youtube.com/channel/ios-app_/544007664/vnd.youtube/www.youtube.com/channel/UCfQLy6txvSNtFFkA2Eu140w.29.delayed]
[www.youtube.com/channel/UCfQLy6txvSNtFFkA2Eu140w.html]
[www.youtube.com/channel/UCjaFblyfqwCBM1-_t2Q9jlQ.html]
[www.youtube.com/feeds/videos12ed.xml]
[www.youtube.com/android-app_/com.google.android.youtube/http/www.youtube.com/channel/android-app_/com.google.android.youtube/http/www.youtube.com/channel/UCjaFblyfqwCBM1-_t2Q9jlQ.html]
[www.youtube.com/android-app_/com.google.android.youtube/http/www.youtube.com/channel/UCfQLy6txvSNtFFkA2Eu140w.html]
[www.youtube.com/ios-app_/544007664/vnd.youtube/www.youtube.com/channel/UCfQLy6txvSNtFFkA2Eu140w.html]
[www.youtube.com/index.html]
[www.youtube.com/about/index.html]
[www.youtube.com/about/press/index.html]
[www.youtube.com/about/copyright/index.html]
[www.youtube.com/android-app_/com.google.android.youtube/http/www.youtube.com/channel/ios-app_/544007664/vnd.youtube/www.youtube.com/channel/UCjaFblyfqwCBM1-_t2Q9jlQ.html]
[www.youtube.com/img/favicon.ico]
[www.youtube.com/img/favicon_32.png]
[www.youtube.com/img/favicon_48.png]
[www.youtube.com/img/favicon_96.png]
[www.youtube.com/img/favicon_144.png]
[www.youtube.com/img/desktop/supported_browsers/yt_logo_rgb_light.png]
[www.youtube.com/jobs/index.html]
[www.youtube.com/t/contact_us/index.html]
[www.google-analytics.com/analytics.js]
[www.youtube.com/creators/static/compiled/index.min.js]
[www.youtube.com/yts/img/favicon-vfl8qSV2F.ico]
[www.youtube.com/yts/img/favicon_32-vflOogEID.png]
[www.youtube.com/yts/img/favicon_48-vflVjB_Qk.png]
[www.youtube.com/yts/img/favicon_96-vflW9Ec0w.png]
[www.youtube.com/yts/img/favicon_144-vfliLAfaB.png]
[www.youtube.com/creators/welcome-creators/index.html]
[www.youtube.com/creators/how-things-work/getting-started/index.html]
[www.youtube.com/creators/partner-program/index.html]
[www.gstatic.com/feedback/js/help/prod/service/lazy.min.js]
[www.youtube.com/creators/index.html]
[www.youtube.com/creators/how-things-work/building-community/index.html]
[www.youtube.com/creators/how-things-work/video-monetization/index.html]
[www.youtube.com/creators/how-things-work/content-creation-strategy/index.html]
[www.youtube.com/creators/how-things-work/policies-guidelines/index.html]
[www.youtube.com/creators/how-things-work/get-involved/index.html]
[www.youtube.com/creators/top-questions/index.html]
[www.youtube.com/channel/UCkRfArvrzheW2E7b6SVT7vQ.html]
[www.youtube.com/intl/es_us/ads/index.html]
[www.youtube.com/musicpremium.html]
[www.gstatic.com/external_hosted/hammerjs/v2_0_2/hammer.min.js]
[www.youtube.com/ads/static/compiled/globals.min5e13.js]
[www.youtube.com/channel/UCqVDpXKLmKeBU_yyt_QkItQ.html]
[www.youtube.com/ads/static/compiled/index.min8015.js]
[www.youtube.com/intl/ALL_id/ads/index.html]
[www.gstatic.com/glue/cookienotificationbar/cookienotificationbar.min.js]
[www.youtube.com/intl/hi_in/ads/index.html]
[www.google.com/recaptcha/api7642.js]
[www.youtube.com/ads/index.html]
[www.youtube.com/intl/ALL_ru/ads/index.html]
[www.youtube.com/intl/ALL_th/ads/index.html]
[www.youtube.com/intl/ALL_sg/ads/index.html]
[www.youtube.com/intl/ALL_ua/ads/index.html]
[www.youtube.com/t/terms_paidservice.html]
[www.youtube.com/intl/ALL_vn/ads/index.html]
[www.youtube.com/t/usage_paycontent.html]
[www.youtube.com/intl/ALL_hk/ads/index.html]
[www.youtube.com/intl/en_il/ads/index.html]
[www.youtube.com/intl/ALL_mx/ads/index.html]
[www.youtube.com/t/terms5df5.html]
[www.youtube.com/intl/ALL_tw/ads/index.html]
[www.youtube.com/t/termsf89d.html]
[www.youtube.com/intl/ALL_co/ads/index.html]
[www.youtube.com/intl/ALL_cl/ads/index.html]
[www.youtube.com/intl/ALL_pe/ads/index.html]
[www.youtube.com/intl/ALL_se/ads/index.html]
[www.youtube.com/intl/ms_my/ads/index.html]
[www.youtube.com/t/terms_dataprocessing.html]
[www.youtube.com/ads/youtube-for-small-business/index.html]
[www.youtube.com/ads/how-it-works/create-a-video-ad/index.html]
[www.youtube.com/ads/how-it-works/set-up-a-campaign/index.html]
[www.youtube.com/ads/how-it-works/set-up-a-campaign/audience/index.html]
[www.youtube.com/ads/how-it-works/set-up-a-campaign/budget/index.html]
[www.youtube.com/ads/how-it-works/measure-your-results/index.html]
[www.youtube.com/ads/resources/creative-resources/index.html]
[www.youtube.com/ads/resources/measurement-tools/index.html]
[www.youtube.com/howyoutubeworks/index.html]
[www.youtube.com/t/terms.html]
[www.youtube.com/about/policies/index.html]
[www.youtube.com/t/terms9940.html]
[www.youtube.com/trends/index.html]
[www.youtube.com/creators/podcasts/index.html]
[www.youtube.com/kids/index.html]
[www.youtube.com/ads/how-it-works/set-up-a-campaign/youtube-select/index.html]
[www.youtube.com/premium/index.html]
[www.youtube.com/howyoutubeworks/static/compiled/shared.index.min25eb.js]
[www.youtube.com/howyoutubeworks/static/compiled/main.index.minab10.js]
[www.youtube.com/howyoutubeworks/indexd320.html]
[www.youtube.com/new.html]
[www.youtube.com/howyoutubeworks/creator-economy/index.html]
[www.youtube.com/howyoutubeworks/ai/index.html]
[www.youtube.com/s/desktop/1c9f2583/cssbin/www-main-desktop-watch-page-skeleton.css]
[www.youtube.com/howyoutubeworks/copyright/index.html]
[www.youtube.com/howyoutubeworks/privacy/index.html]
[www.youtube.com/channel/android-app_/com.google.android.youtube/http/www.youtube.com/channel/UCfQLy6txvSNtFFkA2Eu140w.html]
[www.youtube.com/howyoutubeworks/elections/index.html]
[www.youtube.com/channel/ios-app_/544007664/vnd.youtube/www.youtube.com/channel/UCfQLy6txvSNtFFkA2Eu140w.html]
[www.youtube.com/howyoutubeworks/kids-and-teens/index.html]
[www.youtube.com/howyoutubeworks/our-policies/index.html]
[www.youtube.com/howyoutubeworks/recommendations/index.html]
[www.youtube.com/howyoutubeworks/youtubes-impact/index.html]
[www.youtube.com/channel/android-app_/com.google.android.youtube/http/www.youtube.com/channel/UCjaFblyfqwCBM1-_t2Q9jlQ.6c.delayed]
[www.youtube.com/channel/ios-app_/544007664/vnd.youtube/www.youtube.com/channel/UCjaFblyfqwCBM1-_t2Q9jlQ.6e.delayed]
[www.youtube.com/channel/UCjaFblyfqwCBM1-_t2Q9jlQ.html]
[www.youtube.com/android-app_/com.google.android.youtube/http/www.youtube.com/channel/android-app_/com.google.android.youtube/http/www.youtube.com/channel/UCjaFblyfqwCBM1-_t2Q9jlQ.html]
[www.youtube.com/android-app_/com.google.android.youtube/http/www.youtube.com/channel/ios-app_/544007664/vnd.youtube/www.youtube.com/channel/UCjaFblyfqwCBM1-_t2Q9jlQ.html]
[www.youtube.com/android-app_/com.google.android.youtube/http/www.youtube.com/index.html]
[www.youtube.com/ios-app_/544007664/vnd.youtube/www.youtube.77.delayed]
[www.youtube.com/ios-app_/544007664/vnd.youtube/www.youtube.com/index.html]
[www.youtube.com/s/desktop/1c9f2583/cssbin/www-main-desktop-home-page-skeleton.css]
[www.youtube.com/howyoutubeworks/policies/copyright/index.html]
[www.youtube.com/howyoutubeworks/policies/community-guidelines/index.html]
[www.youtube.com/android-app_/com.google.android.youtube/http/www.youtube.html]
[www.gstatic.com/external_hosted/modernizr/v2_8_3/modernizr.js]
[www.youtube.com/jobs/engineering/index.html]
[www.youtube.com/jobs/product-and-design/index.html]
[www.gstatic.com/external_hosted/waypoints/waypoints.min.js]
[www.youtube.com/jobs/business-and-operations/index.html]
[www.youtube.com/jobs/trust-and-safety/index.html]
[www.gstatic.com/external_hosted/greensock3/dist/gsap.min.js]
[ajax.googleapis.com/ajax/libs/hammerjs/2.0.8/hammer.min.js]
[www.youtube.com/jobs/static/compiled/index.minc1be.js]
[www.youtube.com/jobs/index.html]
[www.youtube.com/intl/en/yt/about/press/index.html]
[www.youtube.com/creators/benefits/index.html]
[www.youtube.com/yt/advertise/index.html]
[www.googletagmanager.com/gtm5445.html]
[www.youtube.com/creators/static/compiled/index.min.css]
[www.gstatic.com/glue/cookienotificationbar/cookienotificationbar.min.css]
[www.youtube.com/c/hellomayuko.html]
[www.youtube.com/c/LasizweDambuza.html]
[www.youtube.com/c/DeeperThanHairTv.html]
[www.youtube.com/c/misterwootube.html]
[www.youtube.com/c/SrtaLynaV.html]
[www.youtube.com/c/TravelerasPeru.html]
[www.youtube.com/c/chrisbossiobarber/featured.html]
[www.youtube.com/creators/welcome-creators/index.html]
[img.youtube.com/vi/93z9DqfE_ek/maxresdefault.jpg]
[img.youtube.com/vi/6YpeNBACYbQ/maxresdefault.jpg]
[img.youtube.com/vi/Vw12gaBqFxQ/maxresdefault.jpg]
[www.youtube.com/@jarvis.html]
[www.youtube.com/@misterwootube.html]
[www.youtube.com/premiumc75c.html]
[www.youtube.com/intl/en_us/join/index.html]
[www.youtube.com/watch0032.html]
[www.youtube.com/creators/partner-program/index.html]
[www.youtube.com/watchdf40.html]
[www.youtube.com/watchff4e.html]
[www.youtube.com/creators/shorts/index.html]
[www.youtube.com/watch9815.html]
[www.youtube.com/watch0e2f.html]
[www.youtube.com/watch86cc.html]
[www.youtube.com/creators/how-things-work/getting-started/index.html]
[www.youtube.com/c/CallMeAgent00/featured.html]
[www.youtube.com/watch6721.html]
[www.youtube.com/playlist8fea.html]
[www.youtube.com/creators/how-things-work/building-community/index.html]
[www.youtube.com/watch6d54.html]
[img.youtube.com/vi/om2WiDsHLso/maxresdefault.jpg]
[www.youtube.com/watchc377.html]
[img.youtube.com/vi/220nXk_mJiE/maxresdefault.jpg]
[www.youtube.com/watchb281.html]
[www.youtube.com/creators/how-things-work/video-monetization/index.html]
[www.youtube.com/creators/channel-memberships/index.html]
[www.youtube.com/c/emmymade/featured.html]
[www.youtube.com/playlistc604.html]
[www.youtube.com/watchc0b2.html]
[www.youtube.com/watchc121.html]
[www.youtube.com/watchf25a.html]
[www.youtube.com/creators/live-streaming-on-youtube/index.html]
[www.youtube.com/watch898b.html]
[www.youtube.com/watch7541.html]
[www.youtube.com/creators/how-things-work/content-creation-strategy/index.html]
[www.youtube.com/watche58e.html]
[www.youtube.com/watcha3d1.html]
[www.youtube.com/creators/how-things-work/policies-guidelines/index.html]
[www.youtube.com/c/RezaPujaKhan/featured.html]
[www.youtube.com/kids/index47ed.html]
[img.youtube.com/vi/FrRhUwf0A_w/maxresdefault.jpg]
[www.youtube.com/creators/how-things-work/get-involved/index.html]
[www.youtube.com/intl/en_us/creators/research/index.html]
[www.youtube.com/creators/how-things-work/get-involved/awards/index.html]
[www.youtube.com/watchfab1.html]
[www.youtube.com/watche42f.html]
[www.youtube.com/creators/top-questions/index.html]
[www.youtube.com/feed/trending.html]
[www.youtube.com/feeds/videos8613.xml]
[www.youtube.com/channel/android-app_/com.google.android.youtube/http/www.youtube.com/channel/UCkRfArvrzheW2E7b6SVT7vQ.b2.delayed]
[www.youtube.com/channel/ios-app_/544007664/vnd.youtube/www.youtube.com/channel/UCkRfArvrzheW2E7b6SVT7vQ.b4.delayed]
[www.youtube.com/channel/UCkRfArvrzheW2E7b6SVT7vQ.html]
[www.gstatic.com/onebox/sports/olympics/flags/USA.png]
[www.youtube.com/intl/es_us/ads/how-it-works/create-a-video-ad/index.html]
[www.youtube.com/intl/es_us/ads/youtube-for-small-business/index.html]
[www.youtube.com/intl/es_us/ads/how-it-works/index.html]
[www.youtube.com/intl/es_us/ads/how-it-works/set-up-a-campaign/index.html]
[www.gstatic.com/onebox/sports/olympics/flags/ARG.png]
[www.youtube.com/intl/es_us/ads/how-it-works/set-up-a-campaign/audience/index.html]
[www.gstatic.com/onebox/sports/olympics/flags/CHI.png]
[www.youtube.com/intl/es_us/ads/how-it-works/set-up-a-campaign/budget/index.html]
[www.youtube.com/intl/es_us/ads/how-it-works/measure-your-results/index.html]
[www.youtube.com/intl/es_us/ads/news-and-inspiration/index.html]
[www.youtube.com/intl/es_us/ads/resources/index.html]
[www.youtube.com/intl/es_us/ads/resources/creator-promotions/index.html]
[www.youtube.com/intl/es_us/ads/resources/creative-resources/index.html]
[www.gstatic.com/onebox/sports/olympics/flags/COL.png]
[www.youtube.com/intl/es_us/ads/index.html]
[www.youtube.com/intl/es_us/ads/resources/best-practices/index.html]
[www.youtube.com/intl/es_us/ads/resources/success-stories/index.html]
[www.youtube.com/intl/ALL_br/ads/index.html]
[www.youtube.com/intl/ALL_ca/ads/index.html]
[www.youtube.com/intl/fr_ca/ads/index.html]
[www.youtube.com/intl/ALL_de/ads/index.html]
[www.youtube.com/intl/ALL_fr/ads/index.html]
[www.youtube.com/intl/ALL_id/ads/index.html]
[www.youtube.com/intl/es_us/ads/resources/measurement-tools/index.html]
[www.youtube.com/intl/en_id/ads/index.html]
[www.youtube.com/intl/es_us/ads/faqs/index.html]
[www.youtube.com/intl/ALL_id/ads/youtube-for-small-business/index.html]
[www.youtube.com/intl/ALL_in/ads/index.html]
[www.youtube.com/intl/ALL_id/ads/how-it-works/index.html]
[www.youtube.com/intl/ALL_mx/ads/how-it-works/index.html]
[www.youtube.com/intl/ALL_id/ads/how-it-works/set-up-a-campaign/index.html]
[www.youtube.com/intl/ALL_id/ads/how-it-works/create-a-video-ad/index.html]
[www.youtube.com/intl/ALL_id/ads/how-it-works/set-up-a-campaign/audience/index.html]
[www.youtube.com/intl/hi_intel_1-877-763-9810.ba.delayed]
[www.youtube.com/intl/hi_in/ads/index.html]
[www.youtube.com/intl/ALL_id/ads/how-it-works/set-up-a-campaign/budget/index.html]
[www.youtube.com/intl/ALL_kr/ads/index.html]
[www.youtube.com/intl/ALL_id/ads/resources/index.html]
[www.youtube.com/intl/ALL_id/ads/news-and-inspiration/index.html]
[www.youtube.com/intl/ALL_id/ads/resources/creative-resources/index.html]
[www.youtube.com/intl/ALL_id/ads/resources/measurement-tools/index.html]
[www.youtube.com/intl/ALL_id/ads/how-it-works/measure-your-results/index.html]
[www.youtube.com/intl/ALL_id/ads/resources/best-practices/index.html]
[www.youtube.com/intl/ALL_rutel_1-877-763-9810.bb.delayed]
[www.youtube.com/intl/ALL_ru/ads/index.html]
[www.youtube.com/intl/ALL_id/ads/resources/success-stories/index.html]
[www.youtube.com/intl/ALL_sgtel_1-877-763-9810.bc.delayed]
[www.youtube.com/intl/ALL_sg/ads/index.html]
[www.youtube.com/intl/hi_in/ads/youtube-for-small-business/index.html]
[www.youtube.com/intl/ALL_id/ads/faqs/index.html]
[www.youtube.com/intl/ALL_th/ads/index.html]
[www.youtube.com/intl/hi_in/ads/how-it-works/index.html]
[www.youtube.com/intl/hi_in/ads/how-it-works/set-up-a-campaign/index.html]
[www.youtube.com/intl/ALL_ua/ads/index.html]
[www.youtube.com/intl/hi_in/ads/how-it-works/create-a-video-ad/index.html]
[www.youtube.com/intl/hi_in/ads/how-it-works/set-up-a-campaign/budget/index.html]
[www.youtube.com/intl/hi_in/ads/how-it-works/set-up-a-campaign/audience/index.html]
[www.youtube.com/intl/hi_in/ads/news-and-inspiration/index.html]
[www.youtube.com/intl/hi_in/ads/how-it-works/measure-your-results/index.html]
[www.youtube.com/intl/ALL_vntel_1-877-763-9810.bd.delayed]
[www.youtube.com/intl/ALL_vn/ads/index.html]
[www.youtube.com/intl/hi_in/ads/resources/index.html]
[www.youtube.com/intl/ALL_jp/ads/index.html]
[www.youtube.com/intl/hi_in/ads/resources/measurement-tools/index.html]
[www.youtube.com/intl/hi_in/ads/resources/best-practices/index.html]
[www.youtube.com/intl/ALL_ae/ads/index.html]
[www.youtube.com/intl/hi_in/ads/resources/creator-promotions/index.html]
[www.youtube.com/intl/hi_in/ads/resources/creative-resources/index.html]
[www.youtube.com/intl/en_ae/ads/index.html]
[www.youtube.com/intl/hi_in/ads/resources/success-stories/index.html]
[www.youtube.com/intl/ALL_ru/ads/how-it-works/create-a-video-ad/index.html]
[www.youtube.com/intl/ALL_au/ads/index.html]
[www.youtube.com/intl/hi_in/ads/faqs/index.html]
[www.youtube.com/intl/ALL_ru/ads/youtube-for-small-business/index.html]
[www.youtube.com/intl/ALL_cn/ads/index.html]
[www.youtube.com/intl/ALL_ru/ads/how-it-works/index.html]
[www.youtube.com/intl/ALL_ru/ads/how-it-works/set-up-a-campaign/audience/index.html]
[www.youtube.com/intl/ALL_ru/ads/how-it-works/set-up-a-campaign/index.html]
[www.youtube.com/intl/en_cn/ads/index.html]
[www.youtube.com/intl/ALL_ru/ads/how-it-works/set-up-a-campaign/budget/index.html]
[www.youtube.com/intl/ALL_ru/ads/how-it-works/measure-your-results/index.html]
[www.youtube.com/intl/ALL_es/ads/index.html]
[www.youtube.com/intl/ALL_ru/ads/news-and-inspiration/index.html]
[www.youtube.com/intl/ALL_ru/ads/resources/index.html]
[www.youtube.com/intl/ALL_hk/ads/index.html]
[www.youtube.com/intl/ALL_ru/ads/resources/best-practices/index.html]
[www.youtube.com/intl/ALL_ru/ads/resources/creative-resources/index.html]
[www.youtube.com/intl/en_hk/ads/index.html]
[www.youtube.com/intl/ALL_ru/ads/resources/measurement-tools/index.html]
[www.youtube.com/intl/ALL_ru/ads/resources/success-stories/index.html]
[www.youtube.com/intl/ALL_il/ads/index.html]
[www.youtube.com/intl/ALL_ru/ads/faqs/index.html]
[www.youtube.com/intl/ALL_sg/ads/how-it-works/index.html]
[www.youtube.com/intl/ALL_sg/ads/youtube-for-small-business/index.html]
[www.youtube.com/intl/ALL_sg/ads/how-it-works/set-up-a-campaign/index.html]
[www.youtube.com/intl/ALL_sg/ads/how-it-works/create-a-video-ad/index.html]
[www.youtube.com/intl/en_iltel_1-877-763-9810.be.delayed]
[www.youtube.com/intl/en_il/ads/index.html]
[www.youtube.com/intl/ALL_sg/ads/how-it-works/set-up-a-campaign/audience/index.html]
[www.youtube.com/intl/ALL_it/ads/index.html]
[www.youtube.com/intl/ALL_sg/ads/how-it-works/set-up-a-campaign/budget/index.html]
[www.youtube.com/intl/ALL_sg/ads/resources/index.html]
[www.youtube.com/intl/ALL_sg/ads/news-and-inspiration/index.html]
[www.youtube.com/intl/ALL_sg/ads/how-it-works/measure-your-results/index.html]
[www.youtube.com/intl/ALL_sg/ads/resources/creative-resources/index.html]
[www.youtube.com/intl/ALL_sg/ads/resources/measurement-tools/index.html]
[www.youtube.com/intl/ALL_mxtel_1-877-763-9810.bf.delayed]
[www.youtube.com/intl/ALL_mx/ads/index.html]
[www.youtube.com/intl/ALL_sg/ads/resources/success-stories/index.html]
[www.youtube.com/intl/ALL_pl/ads/index.html]
[www.youtube.com/intl/ALL_sg/ads/resources/best-practices/index.html]
[www.youtube.com/intl/ALL_sg/ads/faqs/index.html]
[www.youtube.com/intl/ALL_tr/ads/index.html]
[www.youtube.com/intl/ALL_th/ads/youtube-for-small-business/index.html]
[www.youtube.com/intl/ALL_th/ads/how-it-works/index.html]
[www.youtube.com/intl/ALL_tw/ads/index.html]
[www.youtube.com/intl/ALL_th/ads/how-it-works/set-up-a-campaign/index.html]
[www.youtube.com/intl/ALL_th/ads/how-it-works/create-a-video-ad/index.html]
[www.youtube.com/intl/ALL_uk/ads/index.html]
[www.youtube.com/intl/ALL_th/ads/how-it-works/set-up-a-campaign/audience/index.html]
[www.youtube.com/intl/ALL_th/ads/how-it-works/set-up-a-campaign/budget/index.html]
[www.youtube.com/intl/ALL_ar/ads/index.html]
[www.youtube.com/intl/ALL_th/ads/news-and-inspiration/index.html]
[www.youtube.com/intl/ALL_th/ads/how-it-works/measure-your-results/index.html]
[www.youtube.com/intl/ALL_th/ads/resources/index.html]
[www.youtube.com/intl/ALL_th/ads/resources/creative-resources/index.html]
[www.youtube.com/intl/ALL_th/ads/resources/best-practices/index.html]
[www.youtube.com/intl/ALL_th/ads/resources/measurement-tools/index.html]
[www.youtube.com/intl/ALL_cotel_1-877-763-9810.c0.delayed]
[www.youtube.com/intl/ALL_co/ads/index.html]
[www.youtube.com/intl/ALL_th/ads/resources/success-stories/index.html]
[www.youtube.com/intl/ALL_ua/ads/youtube-for-small-business/index.html]
[www.youtube.com/intl/ALL_th/ads/faqs/index.html]
[www.youtube.com/intl/ALL_ua/ads/how-it-works/index.html]
[www.youtube.com/intl/ALL_cltel_1-877-763-9810.c1.delayed]
[www.youtube.com/intl/ALL_cl/ads/index.html]
[www.youtube.com/intl/ALL_ua/ads/how-it-works/create-a-video-ad/index.html]
[www.youtube.com/intl/ALL_ua/ads/how-it-works/set-up-a-campaign/index.html]
[www.youtube.com/intl/ALL_ua/ads/how-it-works/set-up-a-campaign/audience/index.html]
[www.youtube.com/intl/ALL_ua/ads/how-it-works/set-up-a-campaign/budget/index.html]
[www.youtube.com/intl/ALL_petel_1-877-763-9810.c2.delayed]
[www.youtube.com/intl/ALL_pe/ads/index.html]
[www.youtube.com/intl/ALL_nl/ads/index.html]
[www.youtube.com/intl/ALL_ua/ads/resources/index.html]
[www.youtube.com/intl/ALL_se/ads/index.html]
[www.youtube.com/intl/ALL_ua/ads/news-and-inspiration/index.html]
[www.youtube.com/intl/ALL_ua/ads/resources/creative-resources/index.html]
[www.youtube.com/intl/en_my/ads/index.html]
[www.youtube.com/intl/ALL_ua/ads/how-it-works/measure-your-results/index.html]
[www.youtube.com/intl/ALL_ua/ads/resources/success-stories/index.html]
[www.youtube.com/intl/ALL_ua/ads/resources/best-practices/index.html]
[www.youtube.com/intl/ALL_ua/ads/resources/measurement-tools/index.html]
[www.youtube.com/intl/ALL_ua/ads/faqs/index.html]
[www.youtube.com/intl/ms_mytel_1-877-763-9810.c3.delayed]
[www.youtube.com/intl/ms_my/ads/index.html]
[www.youtube.com/intl/ALL_vn/ads/how-it-works/create-a-video-ad/index.html]
[www.youtube.com/intl/en_us/ads/index.html]
[www.youtube.com/intl/ALL_vn/ads/how-it-works/index.html]
[www.youtube.com/intl/ALL_vn/ads/how-it-works/set-up-a-campaign/index.html]
[www.youtube.com/intl/ALL_vn/ads/youtube-for-small-business/index.html]
[www.youtube.com/ads/static/compiled/index.minba05.css]
[www.youtube.com/intl/ALL_vn/ads/how-it-works/set-up-a-campaign/budget/index.html]
[www.youtube.com/intl/ALL_vn/ads/how-it-works/measure-your-results/index.html]
[www.youtube.com/ads/how-it-works/index.html]
[www.youtube.com/intl/ALL_vn/ads/how-it-works/set-up-a-campaign/audience/index.html]
[www.youtube.com/intl/ALL_vn/ads/news-and-inspiration/index.html]
[www.youtube.com/intl/ALL_vn/ads/resources/index.html]
[www.youtube.com/intl/ALL_vn/ads/resources/measurement-tools/index.html]
[www.youtube.com/intl/ALL_vn/ads/resources/creative-resources/index.html]
[www.youtube.com/intl/ALL_vn/ads/resources/best-practices/index.html]
[www.youtube.com/intl/ALL_vn/ads/resources/success-stories/index.html]
[www.youtube.com/intl/ALL_vn/ads/faqs/index.html]
[www.youtube.com/intl/ALL_hk/ads/how-it-works/index.html]
[www.youtube.com/intl/ALL_hk/ads/youtube-for-small-business/index.html]
[www.youtube.com/ads/youtube-for-small-business/index.html]
[www.youtube.com/intl/ALL_hk/ads/how-it-works/set-up-a-campaign/index.html]
[www.youtube.com/intl/ALL_hk/ads/how-it-works/create-a-video-ad/index.html]
[www.youtube.com/intl/ALL_hk/ads/how-it-works/set-up-a-campaign/audience/index.html]
[www.youtube.com/intl/ALL_hk/ads/how-it-works/set-up-a-campaign/budget/index.html]
[www.youtube.com/intl/ALL_hk/ads/how-it-works/measure-your-results/index.html]
[i3.ytimg.com/vi/47eF8dsR6zY/hqdefault.jpg]
[www.youtube.com/intl/ALL_hk/ads/news-and-inspiration/index.html]
[www.youtube.com/intl/ALL_hk/ads/resources/index.html]
[i3.ytimg.com/vi/v1ox8QuhEz4/hqdefault.jpg]
[www.youtube.com/intl/ALL_hk/ads/resources/creative-resources/index.html]
[www.youtube.com/intl/ALL_hk/ads/resources/measurement-tools/index.html]
[www.youtube.com/intl/ALL_hk/ads/resources/best-practices/index.html]
[i3.ytimg.com/vi/F_OgU2O_fv4/hqdefault.jpg]
[www.youtube.com/intl/ALL_hk/ads/resources/success-stories/index.html]
[www.youtube.com/intl/ALL_hk/ads/faqs/index.html]
[www.youtube.com/intl/en_il/ads/how-it-works/index.html]
[www.gstatic.com/external_hosted/animejs/anime.min.js]
[www.youtube.com/ads/how-it-works/create-a-video-ad/index.html]
[www.youtube.com/intl/en_il/ads/how-it-works/set-up-a-campaign/audience/index.html]
[www.youtube.com/intl/en_il/ads/how-it-works/set-up-a-campaign/index.html]
[www.youtube.com/ads/how-it-works/set-up-a-campaign/index.html]
[www.youtube.com/intl/en_il/ads/youtube-for-small-business/index.html]
[www.youtube.com/intl/en_il/ads/how-it-works/create-a-video-ad/index.html]
[www.youtube.com/ads/how-it-works/set-up-a-campaign/audience/index.html]
[www.youtube.com/intl/en_il/ads/how-it-works/set-up-a-campaign/budget/index.html]
[www.youtube.com/intl/en_il/ads/how-it-works/measure-your-results/index.html]
[www.youtube.com/ads/how-it-works/set-up-a-campaign/budget/index.html]
[www.youtube.com/intl/en_il/ads/news-and-inspiration/index.html]
[www.youtube.com/intl/en_il/ads/resources/index.html]
[www.youtube.com/ads/how-it-works/measure-your-results/index.html]
[www.youtube.com/intl/en_il/ads/resources/success-stories/index.html]
[www.youtube.com/intl/en_il/ads/resources/measurement-tools/index.html]
[www.youtube.com/ads/news-and-inspiration/index.html]
[www.youtube.com/intl/en_il/ads/resources/best-practices/index.html]
[www.youtube.com/intl/en_il/ads/resources/creative-resources/index.html]
[www.youtube.com/ads/resources/index.html]
[www.youtube.com/intl/en_il/ads/faqs/index.html]
[www.youtube.com/intl/ALL_mx/ads/youtube-for-small-business/index.html]
[www.youtube.com/intl/ALL_mx/ads/how-it-works/set-up-a-campaign/index.html]
[www.youtube.com/intl/ALL_mx/ads/how-it-works/create-a-video-ad/index.html]
[www.youtube.com/intl/ALL_mx/ads/how-it-works/set-up-a-campaign/audience/index.html]
[www.youtube.com/intl/ALL_mx/ads/how-it-works/set-up-a-campaign/budget/index.html]
[www.gstatic.com/external_hosted/mustache/mustache.js]
[www.youtube.com/ads/resources/creative-resources/index.html]
[www.youtube.com/ads/resources/measurement-tools/index.html]
[www.youtube.com/intl/ALL_mx/ads/resources/index.html]
[www.youtube.com/intl/ALL_mx/ads/how-it-works/measure-your-results/index.html]
[www.youtube.com/ads/resources/best-practices/index.html]
[www.youtube.com/intl/ALL_mx/ads/news-and-inspiration/index.html]
[www.youtube.com/intl/ALL_mx/ads/resources/creative-resources/index.html]
[www.youtube.com/ads/resources/success-stories/index.html]
[www.youtube.com/intl/ALL_mx/ads/resources/measurement-tools/index.html]
[www.youtube.com/intl/ALL_mx/ads/resources/best-practices/index.html]
[www.youtube.com/ads/faqs/index.html]
[www.youtube.com/intl/ALL_mx/ads/faqs/index.html]
[www.youtube.com/intl/ALL_mx/ads/resources/success-stories/index.html]
[www.youtube.com/howyoutubeworks/index.html]
[www.youtube.com/intl/ALL_tw/ads/how-it-works/index.html]
[www.youtube.com/intl/ALL_tw/ads/how-it-works/create-a-video-ad/index.html]
[www.youtube.com/intl/ALL_tw/ads/youtube-for-small-business/index.html]
[www.youtube.com/intl/ALL_tw/ads/how-it-works/set-up-a-campaign/index.html]
[www.youtube.com/intl/ALL_tw/ads/how-it-works/set-up-a-campaign/audience/index.html]
[www.youtube.com/intl/ALL_tw/ads/how-it-works/set-up-a-campaign/budget/index.html]
[www.youtube.com/intl/ALL_tw/ads/how-it-works/measure-your-results/index.html]
[www.youtube.com/intl/ALL_tw/ads/news-and-inspiration/index.html]
[www.youtube.com/intl/ALL_tw/ads/resources/index.html]
[www.youtube.com/iframe_api]
[www.youtube.com/intl/ALL_tw/ads/resources/measurement-tools/index.html]
[www.youtube.com/intl/ALL_tw/ads/resources/creative-resources/index.html]
[www.youtube.com/intl/ALL_tw/ads/resources/best-practices/index.html]
[www.youtube.com/trends/static/compiled/index.min976f.js]
[www.youtube.com/trends/index.html]
[www.youtube.com/intl/ALL_tw/ads/resources/success-stories/index.html]
[www.youtube.com/intl/ALL_tw/ads/faqs/index.html]
[www.youtube.com/intl/ALL_co/ads/how-it-works/index.html]
[www.youtube.com/intl/ALL_co/ads/youtube-for-small-business/index.html]
[www.youtube.com/intl/ALL_co/ads/how-it-works/create-a-video-ad/index.html]
[www.youtube.com/intl/ALL_co/ads/how-it-works/set-up-a-campaign/index.html]
[www.youtube.com/intl/ALL_co/ads/how-it-works/set-up-a-campaign/audience/index.html]
[www.youtube.com/intl/ALL_co/ads/how-it-works/set-up-a-campaign/budget/index.html]
[www.youtube.com/intl/ALL_co/ads/news-and-inspiration/index.html]
[www.youtube.com/intl/ALL_co/ads/how-it-works/measure-your-results/index.html]
[www.youtube.com/intl/ALL_co/ads/resources/index.html]
[www.youtube.com/kids/static/compiled/detect.minb151.js]
[www.youtube.com/intl/ALL_co/ads/resources/creative-resources/index.html]
[www.youtube.com/kids/static/compiled/index.min0342.js]
[www.youtube.com/kids/index.html]
[www.youtube.com/intl/ALL_co/ads/resources/success-stories/index.html]
[www.youtube.com/intl/ALL_co/ads/resources/measurement-tools/index.html]
[www.youtube.com/intl/ALL_co/ads/resources/best-practices/index.html]
[www.youtube.com/intl/ALL_co/ads/faqs/index.html]
[www.youtube.com/intl/ALL_cl/ads/how-it-works/index.html]
[www.youtube.com/musicpremium.html]
[www.youtube.com/intl/ALL_cl/ads/youtube-for-small-business/index.html]
[www.youtube.com/intl/ALL_cl/ads/how-it-works/set-up-a-campaign/index.html]
[www.youtube.com/intl/ALL_cl/ads/how-it-works/create-a-video-ad/index.html]
[www.youtube.com/intl/ALL_cl/ads/how-it-works/set-up-a-campaign/audience/index.html]
[www.youtube.com/intl/ALL_cl/ads/how-it-works/set-up-a-campaign/budget/index.html]
[www.youtube.com/intl/ALL_cl/ads/how-it-works/measure-your-results/index.html]
[www.youtube.com/intl/ALL_cl/ads/news-and-inspiration/index.html]
[www.youtube.com/intl/ALL_cl/ads/resources/index.html]
[www.youtube.com/intl/ALL_cl/ads/resources/creative-resources/index.html]
[www.youtube.com/intl/ALL_cl/ads/resources/measurement-tools/index.html]
[www.youtube.com/feeds/videos3f6a.xml]
[www.youtube.com/intl/ALL_cl/ads/resources/best-practices/index.html]
[www.youtube.com/intl/ALL_cl/ads/resources/success-stories/index.html]
[www.youtube.com/intl/ALL_cl/ads/faqs/index.html]
[www.youtube.com/intl/ALL_pe/ads/youtube-for-small-business/index.html]
[www.youtube.com/intl/ALL_pe/ads/how-it-works/index.html]
[www.youtube.com/intl/ALL_pe/ads/how-it-works/create-a-video-ad/index.html]
[www.youtube.com/intl/ALL_pe/ads/how-it-works/set-up-a-campaign/index.html]
[www.youtube.com/intl/ALL_pe/ads/how-it-works/set-up-a-campaign/audience/index.html]
[www.youtube.com/channel/android-app_/com.google.android.youtube/http/www.youtube.com/channel/UCqVDpXKLmKeBU_yyt_QkItQ.d5.delayed]
[www.youtube.com/intl/ALL_pe/ads/how-it-works/set-up-a-campaign/budget/index.html]
[www.youtube.com/intl/ALL_pe/ads/how-it-works/measure-your-results/index.html]
[www.youtube.com/intl/ALL_pe/ads/news-and-inspiration/index.html]
[www.youtube.com/intl/ALL_pe/ads/resources/index.html]
[www.youtube.com/intl/ALL_pe/ads/resources/creative-resources/index.html]
[www.youtube.com/intl/ALL_pe/ads/resources/measurement-tools/index.html]
[www.youtube.com/intl/ALL_pe/ads/resources/best-practices/index.html]
[www.youtube.com/intl/ALL_pe/ads/resources/success-stories/index.html]
[www.youtube.com/intl/ALL_pe/ads/faqs/index.html]
[www.youtube.com/channel/ios-app_/544007664/vnd.youtube/www.youtube.com/channel/UCqVDpXKLmKeBU_yyt_QkItQ.d7.delayed]
[www.youtube.com/intl/ALL_se/ads/how-it-works/index.html]
[www.youtube.com/intl/ALL_se/ads/youtube-for-small-business/index.html]
[www.youtube.com/intl/ALL_se/ads/how-it-works/create-a-video-ad/index.html]
[www.youtube.com/intl/ALL_se/ads/how-it-works/set-up-a-campaign/index.html]
[www.youtube.com/channel/UCqVDpXKLmKeBU_yyt_QkItQ.html]
[www.youtube.com/intl/ALL_se/ads/how-it-works/set-up-a-campaign/audience/index.html]
[www.youtube.com/intl/ALL_se/ads/how-it-works/set-up-a-campaign/budget/index.html]
[www.youtube.com/intl/ALL_se/ads/how-it-works/measure-your-results/index.html]
[www.youtube.com/podcasts.da.delayed]
[www.youtube.com/creators/podcasts/index.html]
[www.youtube.com/intl/ALL_se/ads/news-and-inspiration/index.html]
[www.youtube.com/intl/ALL_se/ads/resources/index.html]
[www.youtube.com/intl/ALL_se/ads/resources/creative-resources/index.html]
[www.youtube.com/intl/ALL_se/ads/resources/measurement-tools/index.html]
[www.youtube.com/premium/index.html]
[www.youtube.com/intl/ALL_se/ads/resources/success-stories/index.html]
[www.youtube.com/intl/ALL_se/ads/resources/best-practices/index.html]
[www.youtube.com/c/BaileySarian.html]
[www.youtube.com/intl/ALL_se/ads/faqs/index.html]
[www.youtube.com/intl/ms_my/ads/how-it-works/index.html]
[www.youtube.com/premium.html]
[www.youtube.com/intl/ms_my/ads/youtube-for-small-business/index.html]
[www.youtube.com/intl/ms_my/ads/how-it-works/create-a-video-ad/index.html]
[www.youtube.com/intl/ms_my/ads/how-it-works/set-up-a-campaign/index.html]
[www.youtube.com/intl/ms_my/ads/how-it-works/set-up-a-campaign/audience/index.html]
[www.youtube.com/intl/ms_my/ads/how-it-works/set-up-a-campaign/budget/index.html]
[www.youtube.com/playliste311.html]
[www.youtube.com/youtubeoriginals.html]
[www.youtube.com/intl/ms_my/ads/how-it-works/measure-your-results/index.html]
[www.youtube.com/playlistd317.html]
[www.youtube.com/intl/ms_my/ads/news-and-inspiration/index.html]
[www.youtube.com/intl/ms_my/ads/resources/index.html]
[www.youtube.com/playlist157b.html]
[www.youtube.com/intl/ms_my/ads/resources/creative-resources/index.html]
[www.youtube.com/intl/ms_my/ads/resources/measurement-tools/index.html]
[www.youtube.com/playlistee28.html]
[www.youtube.com/intl/ms_my/ads/resources/best-practices/index.html]
[www.youtube.com/playlistf0b0.html]
[www.youtube.com/intl/ms_my/ads/resources/success-stories/index.html]
[www.youtube.com/intl/ms_my/ads/faqs/index.html]
[www.youtube.com/playlist04e4.html]
[www.youtube.com/playlistaf73.html]
[www.youtube.com/ads/how-it-works/set-up-a-campaign/youtube-select/index.html]
[www.youtube.com/playlist5cf8.html]
[www.youtube.com/yt/family/index.html]
[www.youtube.com/creatorresearch/index.html]
[www.youtube.com/nextup/index.html]
[www.youtube.com/creators-for-change/index.html]
[www.youtube.com/csai-match/index.html]
[www.youtube.com/playlistae18.html]
[www.youtube.com/about/brand-resources/index.html]
[www.youtube.com/t/terms_paidservice09ff.html]
[www.youtube.com/t/terms_paidservice5df5.html]
[www.youtube.com/t/terms_paidservicef89d.html]
[www.youtube.com/premium/restrictions.html]
[www.youtube.com/t/terms_paidservice.html]
[www.youtube.com/t/usage_paycontent.html]
[www.youtube.com/t/terms5df5.html]
[www.youtube.com/ads/how-it-works/set-up-a-campaign/action/index.html]
[www.youtube.com/ads/how-it-works/set-up-a-campaign/consideration/index.html]
[www.youtube.com/ads/how-it-works/set-up-a-campaign/awareness/index.html]
[www.youtube.com/t/termsf89d.html]
[www.youtube.com/t/terms_dataprocessing.html]
[www.youtube.com/t/terms_dataprocessing8990.html]
[www.youtube.com/yt/copyright/index.html]
